#-----------------------------------------------------------
# Vivado v2023.2 (64-bit)
# SW Build 4029153 on Fri Oct 13 20:14:34 MDT 2023
# IP Build 4028589 on Sat Oct 14 00:45:43 MDT 2023
# SharedData Build 4025554 on Tue Oct 10 17:18:54 MDT 2023
# Start of session at: Fri Mar 15 11:44:54 2024
# Process ID: 53756
# Current directory: C:/Users/ZhangHaotian/Desktop/traffic_light
# Command line: vivado.exe -gui_launcher_event rodinguilauncherevent57348 C:\Users\ZhangHaotian\Desktop\traffic_light\traffic_light.xpr
# Log file: C:/Users/ZhangHaotian/Desktop/traffic_light/vivado.log
# Journal file: C:/Users/ZhangHaotian/Desktop/traffic_light\vivado.jou
# Running On: ThinkBook14Plus, OS: Windows, CPU Frequency: 3793 MHz, CPU Physical cores: 16, Host memory: 29734 MB
#-----------------------------------------------------------
start_gui
open_project C:/Users/ZhangHaotian/Desktop/traffic_light/traffic_light.xpr
update_compile_order -fileset sources_1
export_ip_user_files -of_objects  [get_files C:/Users/ZhangHaotian/Desktop/traffic_light/traffic_light.srcs/sources_1/new/led_controller.v] -no_script -reset -force -quiet
remove_files  C:/Users/ZhangHaotian/Desktop/traffic_light/traffic_light.srcs/sources_1/new/led_controller.v
file delete -force C:/Users/ZhangHaotian/Desktop/traffic_light/traffic_light.srcs/sources_1/new/led_controller.v
# Disabling source management mode.  This is to allow the top design properties to be set without GUI intervention.
set_property source_mgmt_mode None [current_project]
set_property top stopwatch_tb [get_filesets sim_1]
set_property top_lib xil_defaultlib [get_filesets sim_1]
# Re-enabling previously disabled source management mode.
set_property source_mgmt_mode All [current_project]
update_compile_order -fileset sim_1
# Disabling source management mode.  This is to allow the top design properties to be set without GUI intervention.
set_property source_mgmt_mode None [current_project]
set_property top stopwatch [current_fileset]
# Re-enabling previously disabled source management mode.
set_property source_mgmt_mode All [current_project]
update_compile_order -fileset sources_1
launch_simulation
