#-----------------------------------------------------------
# Vivado v2023.2 (64-bit)
# SW Build 4029153 on Fri Oct 13 20:14:34 MDT 2023
# IP Build 4028589 on Sat Oct 14 00:45:43 MDT 2023
# SharedData Build 4025554 on Tue Oct 10 17:18:54 MDT 2023
# Start of session at: Sun Apr  7 20:26:58 2024
# Process ID: 1832
# Current directory: C:/Users/ZhangHaotian/OneDrive - Singapore University of Technology and Design/Courses/Term6/Digital System Lab/2D/2DPRNG
# Command line: vivado.exe -gui_launcher_event rodinguilauncherevent22564 C:\Users\ZhangHaotian\OneDrive - Singapore University of Technology and Design\Courses\Term6\Digital System Lab\2D\2DPRNG\2DPRNG.xpr
# Log file: C:/Users/ZhangHaotian/OneDrive - Singapore University of Technology and Design/Courses/Term6/Digital System Lab/2D/2DPRNG/vivado.log
# Journal file: C:/Users/ZhangHaotian/OneDrive - Singapore University of Technology and Design/Courses/Term6/Digital System Lab/2D/2DPRNG\vivado.jou
# Running On: B450, OS: Windows, CPU Frequency: 3500 MHz, CPU Physical cores: 12, Host memory: 34268 MB
#-----------------------------------------------------------
start_gui
open_project {C:/Users/ZhangHaotian/OneDrive - Singapore University of Technology and Design/Courses/Term6/Digital System Lab/2D/2DPRNG/2DPRNG.xpr}
update_compile_order -fileset sources_1
update_compile_order -fileset sources_1
